BL51 BANKED LINKER/LOCATER V6.22                                                        10/26/2025  16:00:44  PAGE 1


BL51 BANKED LINKER/LOCATER V6.22, INVOKED BY:
D:\DANPIANJI\C51\BIN\BL51.EXE STARTUP.obj, main.obj TO WT RAMSIZE (256)


MEMORY MODEL: SMALL


INPUT MODULES INCLUDED:
  STARTUP.obj (?C_STARTUP)
  main.obj (MAIN)
  D:\DANPIANJI\C51\LIB\C51S.LIB (?C_INIT)


LINK MAP OF MODULE:  WT (?C_STARTUP)


            TYPE    BASE      LENGTH    RELOCATION   SEGMENT NAME
            -----------------------------------------------------

            * * * * * * *   D A T A   M E M O R Y   * * * * * * *
            REG     0000H     0008H     ABSOLUTE     "REG BANK 0"
            DATA    0008H     0054H     UNIT         ?DT?MAIN
            IDATA   005CH     0001H     UNIT         ?STACK

            * * * * * * *   C O D E   M E M O R Y   * * * * * * *
            CODE    0000H     0003H     ABSOLUTE     
                    0003H     0008H                  *** GAP ***
            CODE    000BH     0003H     ABSOLUTE     
                    000EH     0005H                  *** GAP ***
            CODE    0013H     0003H     ABSOLUTE     
            CODE    0016H     01C0H     UNIT         ?CO?MAIN
            CODE    01D6H     008CH     UNIT         ?C_C51STARTUP
            CODE    0262H     006AH     UNIT         ?PR?JUDGE?MAIN
            CODE    02CCH     0060H     UNIT         ?PR?MAIN?MAIN
            CODE    032CH     0058H     UNIT         ?PR?DISPLAY?MAIN
            CODE    0384H     0053H     UNIT         ?C_INITSEG
            CODE    03D7H     0043H     UNIT         ?PR?TIMER0_ROUTINE?MAIN
            CODE    041AH     0022H     UNIT         ?PR?BACK?MAIN
            CODE    043CH     0020H     UNIT         ?PR?XIANSHI?MAIN
            CODE    045CH     001EH     UNIT         ?PR?FIRST?MAIN
            CODE    047AH     0019H     UNIT         ?PR?_DELAYMS?MAIN
            CODE    0493H     0017H     UNIT         ?PR?TIMER0_INIT?MAIN



OVERLAY MAP OF MODULE:   WT (?C_STARTUP)


SEGMENT
  +--> CALLED SEGMENT
---------------------
?C_C51STARTUP
  +--> ?PR?MAIN?MAIN
  +--> ?C_INITSEG

?PR?MAIN?MAIN
  +--> ?PR?TIMER0_INIT?MAIN
  +--> ?PR?JUDGE?MAIN
BL51 BANKED LINKER/LOCATER V6.22                                                      10/26/2025  16:00:44  PAGE 2


  +--> ?PR?FIRST?MAIN
  +--> ?PR?XIANSHI?MAIN
  +--> ?CO?MAIN
  +--> ?PR?_DELAYMS?MAIN
  +--> ?PR?DISPLAY?MAIN

?PR?JUDGE?MAIN
  +--> ?PR?_DELAYMS?MAIN

?PR?XIANSHI?MAIN
  +--> ?CO?MAIN
  +--> ?PR?_DELAYMS?MAIN

?PR?DISPLAY?MAIN
  +--> ?CO?MAIN
  +--> ?PR?_DELAYMS?MAIN

*** NEW ROOT ***************************************************

?PR?BACK?MAIN
  +--> ?PR?_DELAYMS?MAIN



SYMBOL TABLE OF MODULE:  WT (?C_STARTUP)

  VALUE           TYPE          NAME
  ----------------------------------

  -------         MODULE        ?C_STARTUP
  C:01D6H         SEGMENT       ?C_C51STARTUP
  I:005CH         SEGMENT       ?STACK
  C:0000H         PUBLIC        ?C_STARTUP
  D:00E0H         SYMBOL        ACC
  D:00F0H         SYMBOL        B
  D:0083H         SYMBOL        DPH
  D:0082H         SYMBOL        DPL
  N:0000H         SYMBOL        IBPSTACK
  N:0100H         SYMBOL        IBPSTACKTOP
  N:0080H         SYMBOL        IDATALEN
  C:01D9H         SYMBOL        IDATALOOP
  N:0000H         SYMBOL        PBPSTACK
  N:0100H         SYMBOL        PBPSTACKTOP
  N:0000H         SYMBOL        PDATALEN
  N:0000H         SYMBOL        PDATASTART
  N:0000H         SYMBOL        PPAGE
  N:0000H         SYMBOL        PPAGEENABLE
  D:00A0H         SYMBOL        PPAGE_SFR
  D:0081H         SYMBOL        SP
  C:01D6H         SYMBOL        STARTUP1
  N:0000H         SYMBOL        XBPSTACK
  N:0000H         SYMBOL        XBPSTACKTOP
  N:0000H         SYMBOL        XDATALEN
  N:0000H         SYMBOL        XDATASTART
  C:0000H         LINE#         126
  C:01D6H         LINE#         133
  C:01D8H         LINE#         134
BL51 BANKED LINKER/LOCATER V6.22                                                      10/26/2025  16:00:44  PAGE 3


  C:01D9H         LINE#         135
  C:01DAH         LINE#         136
  C:01DCH         LINE#         185
  C:01DFH         LINE#         196
  -------         ENDMOD        ?C_STARTUP

  -------         MODULE        MAIN
  C:0000H         SYMBOL        _ICE_DUMMY_
  C:03D7H         PUBLIC        Timer0_Routine
  D:0080H         PUBLIC        P0
  D:0090H         PUBLIC        P1
  D:00A0H         PUBLIC        P2
  D:00B0H         PUBLIC        P3
  C:002BH         PUBLIC        Music
  B:00A8H.7       PUBLIC        EA
  C:01C3H         PUBLIC        table
  D:00A8H         PUBLIC        IE
  C:0262H         PUBLIC        judge
  C:041AH         PUBLIC        back
  D:00B8H         PUBLIC        IP
  C:01D3H         PUBLIC        clef
  B:00A0H.5       PUBLIC        BEEP
  C:02CCH         PUBLIC        main
  C:045CH         PUBLIC        first
  C:0493H         PUBLIC        Timer0_Init
  D:0098H         PUBLIC        SCON
  D:0089H         PUBLIC        TMOD
  D:0088H         PUBLIC        TCON
  B:00A0H.2       PUBLIC        led
  C:0016H         PUBLIC        tone
  B:00B0H.2       PUBLIC        play
  D:0008H         PUBLIC        exit
  D:0009H         PUBLIC        shi
  B:00A8H.1       PUBLIC        ET0
  B:0088H.5       PUBLIC        TF0
  D:000AH         PUBLIC        ge
  D:008CH         PUBLIC        TH0
  B:00A8H.0       PUBLIC        EX0
  B:0088H.0       PUBLIC        IT0
  B:00A8H.2       PUBLIC        EX1
  B:0088H.2       PUBLIC        IT1
  D:008AH         PUBLIC        TL0
  C:047EH         PUBLIC        _Delayms
  B:00B8H.1       PUBLIC        PT0
  B:0088H.4       PUBLIC        TR0
  B:00B8H.0       PUBLIC        PX0
  B:00B8H.2       PUBLIC        PX1
  C:032CH         PUBLIC        Display
  D:000BH         PUBLIC        a
  D:000CH         PUBLIC        b
  D:00C8H         PUBLIC        T2CON
  D:000DH         PUBLIC        MusicSelect
  D:000EH         PUBLIC        n
  D:000FH         PUBLIC        FreqSelect
  C:043CH         PUBLIC        xianshi
  D:00D0H         PUBLIC        PSW
  D:0010H         PUBLIC        FreqTable
BL51 BANKED LINKER/LOCATER V6.22                                                      10/26/2025  16:00:44  PAGE 4


  C:047AH         SYMBOL        L?0045
  -------         PROC          L?0044
  -------         ENDPROC       L?0044
  C:047AH         SYMBOL        L?0045
  -------         PROC          _DELAYMS
  D:0006H         SYMBOL        xms
  -------         DO            
  D:0005H         SYMBOL        i
  D:0004H         SYMBOL        j
  -------         ENDDO         
  C:047EH         LINE#         81
  C:047EH         LINE#         82
  C:047EH         LINE#         84
  C:0488H         LINE#         85
  C:048AH         LINE#         86
  C:048CH         LINE#         88
  C:048CH         LINE#         89
  C:048EH         LINE#         90
  C:0490H         LINE#         91
  C:0492H         LINE#         92
  -------         ENDPROC       _DELAYMS
  -------         PROC          TIMER0_INIT
  C:0493H         LINE#         100
  C:0493H         LINE#         101
  C:0496H         LINE#         102
  C:0499H         LINE#         103
  C:049CH         LINE#         104
  C:049FH         LINE#         105
  C:04A1H         LINE#         106
  C:04A3H         LINE#         107
  C:04A5H         LINE#         108
  C:04A7H         LINE#         109
  C:04A9H         LINE#         110
  -------         ENDPROC       TIMER0_INIT
  -------         PROC          BACK
  C:041AH         LINE#         124
  C:0429H         LINE#         126
  C:042CH         LINE#         128
  C:042FH         LINE#         129
  -------         ENDPROC       BACK
  -------         PROC          DISPLAY
  C:032CH         LINE#         131
  C:032CH         LINE#         132
  C:032CH         LINE#         133
  C:032FH         LINE#         134
  C:0339H         LINE#         140
  C:034DH         LINE#         141
  C:0369H         LINE#         142
  C:036BH         LINE#         144
  C:036DH         LINE#         145
  C:0374H         LINE#         146
  C:0376H         LINE#         148
  C:0378H         LINE#         149
  C:037BH         LINE#         150
  C:037DH         LINE#         151
  C:037FH         LINE#         152
  C:0381H         LINE#         153
BL51 BANKED LINKER/LOCATER V6.22                                                      10/26/2025  16:00:44  PAGE 5


  C:0383H         LINE#         154
  -------         ENDPROC       DISPLAY
  -------         PROC          JUDGE
  C:0262H         LINE#         156
  C:0262H         LINE#         157
  C:0262H         LINE#         158
  C:0265H         LINE#         159
  C:026BH         LINE#         160
  C:026BH         LINE#         161
  C:0272H         LINE#         162
  C:0278H         LINE#         163
  C:0278H         LINE#         164
  C:028AH         LINE#         165
  C:028AH         LINE#         166
  C:028FH         LINE#         167
  C:0294H         LINE#         168
  C:0299H         LINE#         169
  C:029CH         LINE#         170
  C:029CH         LINE#         171
  C:029FH         LINE#         172
  C:02B2H         LINE#         173
  C:02B2H         LINE#         174
  C:02B7H         LINE#         175
  C:02BBH         LINE#         176
  C:02BFH         LINE#         177
  C:02C5H         LINE#         178
  C:02C5H         LINE#         179
  C:02CBH         LINE#         180
  C:02CBH         LINE#         181
  -------         ENDPROC       JUDGE
  -------         PROC          FIRST
  C:045CH         LINE#         183
  C:045CH         LINE#         184
  C:045CH         LINE#         185
  C:0469H         LINE#         186
  C:0469H         LINE#         187
  C:046FH         LINE#         188
  C:046FH         LINE#         189
  C:0476H         LINE#         190
  C:0476H         LINE#         191
  C:0479H         LINE#         192
  C:0479H         LINE#         193
  -------         ENDPROC       FIRST
  -------         PROC          XIANSHI
  C:043CH         LINE#         195
  C:043CH         LINE#         196
  C:043CH         LINE#         197
  C:043FH         LINE#         198
  C:0447H         LINE#         199
  C:044AH         LINE#         200
  C:044DH         LINE#         201
  C:0455H         LINE#         202
  -------         ENDPROC       XIANSHI
  -------         PROC          MAIN
  C:02CCH         LINE#         205
  C:02CCH         LINE#         206
  C:02CCH         LINE#         207
BL51 BANKED LINKER/LOCATER V6.22                                                      10/26/2025  16:00:44  PAGE 6


  C:02CEH         LINE#         208
  C:02D0H         LINE#         209
  C:02D2H         LINE#         210
  C:02D4H         LINE#         211
  C:02D6H         LINE#         212
  C:02D8H         LINE#         213
  C:02DAH         LINE#         214
  C:02DDH         LINE#         215
  C:02DDH         LINE#         216
  C:02DDH         LINE#         217
  C:02E0H         LINE#         218
  C:02E3H         LINE#         219
  C:02E6H         LINE#         220
  C:02ECH         LINE#         221
  C:02ECH         LINE#         222
  C:02F1H         LINE#         223
  C:02F1H         LINE#         224
  C:0310H         LINE#         225
  C:0312H         LINE#         226
  C:0315H         LINE#         227
  C:031AH         LINE#         228
  C:031AH         LINE#         229
  C:031DH         LINE#         230
  C:031DH         LINE#         231
  C:0321H         LINE#         232
  C:0321H         LINE#         233
  C:0324H         LINE#         234
  C:0324H         LINE#         235
  C:0327H         LINE#         236
  C:032AH         LINE#         237
  C:032AH         LINE#         238
  -------         ENDPROC       MAIN
  -------         PROC          TIMER0_ROUTINE
  C:03D7H         LINE#         243
  C:03E8H         LINE#         245
  C:03F6H         LINE#         246
  C:03F6H         LINE#         247
  C:0405H         LINE#         248
  C:0409H         LINE#         249
  C:040BH         LINE#         250
  C:040BH         LINE#         251
  -------         ENDPROC       TIMER0_ROUTINE
  -------         ENDMOD        MAIN

Program Size: data=93.0 xdata=0 code=1181
LINK/LOCATE RUN COMPLETE.  0 WARNING(S),  0 ERROR(S)
